// Jest Snapshot v1, https://goo.gl/fbAQLP

exports[`Should render container correctly Match Snapshot 1`] = `
<div>
  <div>
    <div
      class="MuiGrid-root"
    >
      <h3
        class="MuiTypography-root makeStyles-heading-1 MuiTypography-h3"
      />
      <h5
        class="MuiTypography-root makeStyles-subHeading-7 MuiTypography-h5"
      />
      <svg
        aria-hidden="true"
        class="MuiSvgIcon-root makeStyles-icon-5"
        data-testid="seemore"
        focusable="false"
        viewBox="0 0 24 24"
      >
        <path
          d="M5.88 4.12L13.76 12l-7.88 7.88L8 22l10-10L8 2z"
        />
      </svg>
      <h6
        class="MuiTypography-root makeStyles-text-4 MuiTypography-subtitle2"
        data-testid="seeless"
      >
        See more
      </h6>
    </div>
    <div
      class="MuiGrid-root makeStyles-grid-6"
    >
      <div
        class="MuiPaper-root MuiCard-root makeStyles-root-8 MuiPaper-elevation1 MuiPaper-rounded"
      >
        <td
          class="MuiTableCell-root makeStyles-cell-22"
        >
          <img
            class="MuiCardMedia-root makeStyles-image-9 MuiCardMedia-media MuiCardMedia-img"
            data-testid="card"
          />
        </td>
        <div
          class="MuiCardContent-root makeStyles-content-21"
        >
          <div
            class="MuiCardActions-root makeStyles-titleActions-16 MuiCardActions-spacing"
          >
            <h6
              class="MuiTypography-root makeStyles-title-10 MuiTypography-h6"
            >
              Crystal chemistry
            </h6>
          </div>
          <div
            class="MuiCardActions-root makeStyles-actions-15 MuiCardActions-spacing"
          >
            <p
              class="MuiTypography-root makeStyles-author-11 MuiTypography-body2"
            >
              Author
            </p>
            <h6
              class="MuiTypography-root makeStyles-authorName-12 MuiTypography-subtitle2"
            />
          </div>
          <div
            class="MuiCardActions-root makeStyles-actions-15 MuiCardActions-spacing"
          >
            <span
              aria-label="4 Stars"
              class="MuiRating-root MuiRating-sizeSmall MuiRating-readOnly"
              role="img"
            >
              <span>
                <span
                  class="MuiRating-icon MuiRating-iconFilled"
                >
                  <svg
                    aria-hidden="true"
                    class="MuiSvgIcon-root MuiSvgIcon-fontSizeInherit"
                    focusable="false"
                    viewBox="0 0 24 24"
                  >
                    <path
                      d="M12 17.27L18.18 21l-1.64-7.03L22 9.24l-7.19-.61L12 2 9.19 8.63 2 9.24l5.46 4.73L5.82 21z"
                    />
                  </svg>
                </span>
              </span>
              <span>
                <span
                  class="MuiRating-icon MuiRating-iconFilled"
                >
                  <svg
                    aria-hidden="true"
                    class="MuiSvgIcon-root MuiSvgIcon-fontSizeInherit"
                    focusable="false"
                    viewBox="0 0 24 24"
                  >
                    <path
                      d="M12 17.27L18.18 21l-1.64-7.03L22 9.24l-7.19-.61L12 2 9.19 8.63 2 9.24l5.46 4.73L5.82 21z"
                    />
                  </svg>
                </span>
              </span>
              <span>
                <span
                  class="MuiRating-icon MuiRating-iconFilled"
                >
                  <svg
                    aria-hidden="true"
                    class="MuiSvgIcon-root MuiSvgIcon-fontSizeInherit"
                    focusable="false"
                    viewBox="0 0 24 24"
                  >
                    <path
                      d="M12 17.27L18.18 21l-1.64-7.03L22 9.24l-7.19-.61L12 2 9.19 8.63 2 9.24l5.46 4.73L5.82 21z"
                    />
                  </svg>
                </span>
              </span>
              <span>
                <span
                  class="MuiRating-icon MuiRating-iconFilled"
                >
                  <svg
                    aria-hidden="true"
                    class="MuiSvgIcon-root MuiSvgIcon-fontSizeInherit"
                    focusable="false"
                    viewBox="0 0 24 24"
                  >
                    <path
                      d="M12 17.27L18.18 21l-1.64-7.03L22 9.24l-7.19-.61L12 2 9.19 8.63 2 9.24l5.46 4.73L5.82 21z"
                    />
                  </svg>
                </span>
              </span>
              <span>
                <span
                  class="MuiRating-icon MuiRating-iconEmpty"
                >
                  <svg
                    aria-hidden="true"
                    class="MuiSvgIcon-root MuiSvgIcon-fontSizeInherit"
                    focusable="false"
                    viewBox="0 0 24 24"
                  >
                    <path
                      d="M12 17.27L18.18 21l-1.64-7.03L22 9.24l-7.19-.61L12 2 9.19 8.63 2 9.24l5.46 4.73L5.82 21z"
                    />
                  </svg>
                </span>
              </span>
            </span>
            <p
              class="MuiTypography-root makeStyles-star-13 MuiTypography-body1"
            >
              4.0
            </p>
            <span
              class="MuiTypography-root makeStyles-rating-14 MuiTypography-overline"
            >
              (1,204 ratings)
            </span>
          </div>
        </div>
        <hr
          class="MuiDivider-root"
        />
        <div
          class="MuiCardActions-root makeStyles-actionIcons-23 MuiCardActions-spacing"
        >
          <svg
            aria-hidden="true"
            class="MuiSvgIcon-root makeStyles-bookmarkBorder-18"
            data-testid="bookmark"
            focusable="false"
            viewBox="0 0 24 24"
          >
            <path
              d="M17 3H7c-1.1 0-1.99.9-1.99 2L5 21l7-3 7 3V5c0-1.1-.9-2-2-2zm0 15l-5-2.18L7 18V5h10v13z"
            />
          </svg>
          <svg
            aria-hidden="true"
            class="MuiSvgIcon-root makeStyles-reply-19"
            focusable="false"
            viewBox="0 0 24 24"
          >
            <path
              d="M10 9V5l-7 7 7 7v-4.1c5 0 8.5 1.6 11 5.1-1-5-4-10-11-11z"
            />
          </svg>
          <svg
            aria-hidden="true"
            class="MuiSvgIcon-root makeStyles-playlist-20"
            data-testid="playlist"
            focusable="false"
            viewBox="0 0 24 24"
          >
            <path
              d="M13 10H3c-.55 0-1 .45-1 1s.45 1 1 1h10c.55 0 1-.45 1-1s-.45-1-1-1zm0-4H3c-.55 0-1 .45-1 1s.45 1 1 1h10c.55 0 1-.45 1-1s-.45-1-1-1zm5 8v-3c0-.55-.45-1-1-1s-1 .45-1 1v3h-3c-.55 0-1 .45-1 1s.45 1 1 1h3v3c0 .55.45 1 1 1s1-.45 1-1v-3h3c.55 0 1-.45 1-1s-.45-1-1-1h-3zM3 16h6c.55 0 1-.45 1-1s-.45-1-1-1H3c-.55 0-1 .45-1 1s.45 1 1 1z"
            />
          </svg>
        </div>
      </div>
      <div
        class="MuiPaper-root MuiCard-root makeStyles-root-8 MuiPaper-elevation1 MuiPaper-rounded"
      >
        <td
          class="MuiTableCell-root makeStyles-cell-22"
        >
          <img
            class="MuiCardMedia-root makeStyles-image-9 MuiCardMedia-media MuiCardMedia-img"
            data-testid="card"
          />
        </td>
        <div
          class="MuiCardContent-root makeStyles-content-21"
        >
          <div
            class="MuiCardActions-root makeStyles-titleActions-16 MuiCardActions-spacing"
          >
            <h6
              class="MuiTypography-root makeStyles-title-10 MuiTypography-h6"
            >
              Inorganic chemistry
            </h6>
          </div>
          <div
            class="MuiCardActions-root makeStyles-actions-15 MuiCardActions-spacing"
          >
            <p
              class="MuiTypography-root makeStyles-author-11 MuiTypography-body2"
            >
              Author
            </p>
            <h6
              class="MuiTypography-root makeStyles-authorName-12 MuiTypography-subtitle2"
            />
          </div>
          <div
            class="MuiCardActions-root makeStyles-actions-15 MuiCardActions-spacing"
          >
            <span
              aria-label="4 Stars"
              class="MuiRating-root MuiRating-sizeSmall MuiRating-readOnly"
              role="img"
            >
              <span>
                <span
                  class="MuiRating-icon MuiRating-iconFilled"
                >
                  <svg
                    aria-hidden="true"
                    class="MuiSvgIcon-root MuiSvgIcon-fontSizeInherit"
                    focusable="false"
                    viewBox="0 0 24 24"
                  >
                    <path
                      d="M12 17.27L18.18 21l-1.64-7.03L22 9.24l-7.19-.61L12 2 9.19 8.63 2 9.24l5.46 4.73L5.82 21z"
                    />
                  </svg>
                </span>
              </span>
              <span>
                <span
                  class="MuiRating-icon MuiRating-iconFilled"
                >
                  <svg
                    aria-hidden="true"
                    class="MuiSvgIcon-root MuiSvgIcon-fontSizeInherit"
                    focusable="false"
                    viewBox="0 0 24 24"
                  >
                    <path
                      d="M12 17.27L18.18 21l-1.64-7.03L22 9.24l-7.19-.61L12 2 9.19 8.63 2 9.24l5.46 4.73L5.82 21z"
                    />
                  </svg>
                </span>
              </span>
              <span>
                <span
                  class="MuiRating-icon MuiRating-iconFilled"
                >
                  <svg
                    aria-hidden="true"
                    class="MuiSvgIcon-root MuiSvgIcon-fontSizeInherit"
                    focusable="false"
                    viewBox="0 0 24 24"
                  >
                    <path
                      d="M12 17.27L18.18 21l-1.64-7.03L22 9.24l-7.19-.61L12 2 9.19 8.63 2 9.24l5.46 4.73L5.82 21z"
                    />
                  </svg>
                </span>
              </span>
              <span>
                <span
                  class="MuiRating-icon MuiRating-iconFilled"
                >
                  <svg
                    aria-hidden="true"
                    class="MuiSvgIcon-root MuiSvgIcon-fontSizeInherit"
                    focusable="false"
                    viewBox="0 0 24 24"
                  >
                    <path
                      d="M12 17.27L18.18 21l-1.64-7.03L22 9.24l-7.19-.61L12 2 9.19 8.63 2 9.24l5.46 4.73L5.82 21z"
                    />
                  </svg>
                </span>
              </span>
              <span>
                <span
                  class="MuiRating-icon MuiRating-iconEmpty"
                >
                  <svg
                    aria-hidden="true"
                    class="MuiSvgIcon-root MuiSvgIcon-fontSizeInherit"
                    focusable="false"
                    viewBox="0 0 24 24"
                  >
                    <path
                      d="M12 17.27L18.18 21l-1.64-7.03L22 9.24l-7.19-.61L12 2 9.19 8.63 2 9.24l5.46 4.73L5.82 21z"
                    />
                  </svg>
                </span>
              </span>
            </span>
            <p
              class="MuiTypography-root makeStyles-star-13 MuiTypography-body1"
            >
              4.0
            </p>
            <span
              class="MuiTypography-root makeStyles-rating-14 MuiTypography-overline"
            >
              (1,204 ratings)
            </span>
          </div>
        </div>
        <hr
          class="MuiDivider-root"
        />
        <div
          class="MuiCardActions-root makeStyles-actionIcons-23 MuiCardActions-spacing"
        >
          <svg
            aria-hidden="true"
            class="MuiSvgIcon-root makeStyles-bookmarkBorder-18"
            data-testid="bookmark"
            focusable="false"
            viewBox="0 0 24 24"
          >
            <path
              d="M17 3H7c-1.1 0-1.99.9-1.99 2L5 21l7-3 7 3V5c0-1.1-.9-2-2-2zm0 15l-5-2.18L7 18V5h10v13z"
            />
          </svg>
          <svg
            aria-hidden="true"
            class="MuiSvgIcon-root makeStyles-reply-19"
            focusable="false"
            viewBox="0 0 24 24"
          >
            <path
              d="M10 9V5l-7 7 7 7v-4.1c5 0 8.5 1.6 11 5.1-1-5-4-10-11-11z"
            />
          </svg>
          <svg
            aria-hidden="true"
            class="MuiSvgIcon-root makeStyles-playlist-20"
            data-testid="playlist"
            focusable="false"
            viewBox="0 0 24 24"
          >
            <path
              d="M13 10H3c-.55 0-1 .45-1 1s.45 1 1 1h10c.55 0 1-.45 1-1s-.45-1-1-1zm0-4H3c-.55 0-1 .45-1 1s.45 1 1 1h10c.55 0 1-.45 1-1s-.45-1-1-1zm5 8v-3c0-.55-.45-1-1-1s-1 .45-1 1v3h-3c-.55 0-1 .45-1 1s.45 1 1 1h3v3c0 .55.45 1 1 1s1-.45 1-1v-3h3c.55 0 1-.45 1-1s-.45-1-1-1h-3zM3 16h6c.55 0 1-.45 1-1s-.45-1-1-1H3c-.55 0-1 .45-1 1s.45 1 1 1z"
            />
          </svg>
        </div>
      </div>
      <div
        class="MuiPaper-root MuiCard-root makeStyles-root-8 MuiPaper-elevation1 MuiPaper-rounded"
      >
        <td
          class="MuiTableCell-root makeStyles-cell-22"
        >
          <img
            class="MuiCardMedia-root makeStyles-image-9 MuiCardMedia-media MuiCardMedia-img"
            data-testid="card"
          />
        </td>
        <div
          class="MuiCardContent-root makeStyles-content-21"
        >
          <div
            class="MuiCardActions-root makeStyles-titleActions-16 MuiCardActions-spacing"
          >
            <h6
              class="MuiTypography-root makeStyles-title-10 MuiTypography-h6"
            >
              Bioorganic chemistry
            </h6>
          </div>
          <div
            class="MuiCardActions-root makeStyles-actions-15 MuiCardActions-spacing"
          >
            <p
              class="MuiTypography-root makeStyles-author-11 MuiTypography-body2"
            >
              Author
            </p>
            <h6
              class="MuiTypography-root makeStyles-authorName-12 MuiTypography-subtitle2"
            />
          </div>
          <div
            class="MuiCardActions-root makeStyles-actions-15 MuiCardActions-spacing"
          >
            <span
              aria-label="4 Stars"
              class="MuiRating-root MuiRating-sizeSmall MuiRating-readOnly"
              role="img"
            >
              <span>
                <span
                  class="MuiRating-icon MuiRating-iconFilled"
                >
                  <svg
                    aria-hidden="true"
                    class="MuiSvgIcon-root MuiSvgIcon-fontSizeInherit"
                    focusable="false"
                    viewBox="0 0 24 24"
                  >
                    <path
                      d="M12 17.27L18.18 21l-1.64-7.03L22 9.24l-7.19-.61L12 2 9.19 8.63 2 9.24l5.46 4.73L5.82 21z"
                    />
                  </svg>
                </span>
              </span>
              <span>
                <span
                  class="MuiRating-icon MuiRating-iconFilled"
                >
                  <svg
                    aria-hidden="true"
                    class="MuiSvgIcon-root MuiSvgIcon-fontSizeInherit"
                    focusable="false"
                    viewBox="0 0 24 24"
                  >
                    <path
                      d="M12 17.27L18.18 21l-1.64-7.03L22 9.24l-7.19-.61L12 2 9.19 8.63 2 9.24l5.46 4.73L5.82 21z"
                    />
                  </svg>
                </span>
              </span>
              <span>
                <span
                  class="MuiRating-icon MuiRating-iconFilled"
                >
                  <svg
                    aria-hidden="true"
                    class="MuiSvgIcon-root MuiSvgIcon-fontSizeInherit"
                    focusable="false"
                    viewBox="0 0 24 24"
                  >
                    <path
                      d="M12 17.27L18.18 21l-1.64-7.03L22 9.24l-7.19-.61L12 2 9.19 8.63 2 9.24l5.46 4.73L5.82 21z"
                    />
                  </svg>
                </span>
              </span>
              <span>
                <span
                  class="MuiRating-icon MuiRating-iconFilled"
                >
                  <svg
                    aria-hidden="true"
                    class="MuiSvgIcon-root MuiSvgIcon-fontSizeInherit"
                    focusable="false"
                    viewBox="0 0 24 24"
                  >
                    <path
                      d="M12 17.27L18.18 21l-1.64-7.03L22 9.24l-7.19-.61L12 2 9.19 8.63 2 9.24l5.46 4.73L5.82 21z"
                    />
                  </svg>
                </span>
              </span>
              <span>
                <span
                  class="MuiRating-icon MuiRating-iconEmpty"
                >
                  <svg
                    aria-hidden="true"
                    class="MuiSvgIcon-root MuiSvgIcon-fontSizeInherit"
                    focusable="false"
                    viewBox="0 0 24 24"
                  >
                    <path
                      d="M12 17.27L18.18 21l-1.64-7.03L22 9.24l-7.19-.61L12 2 9.19 8.63 2 9.24l5.46 4.73L5.82 21z"
                    />
                  </svg>
                </span>
              </span>
            </span>
            <p
              class="MuiTypography-root makeStyles-star-13 MuiTypography-body1"
            >
              4.0
            </p>
            <span
              class="MuiTypography-root makeStyles-rating-14 MuiTypography-overline"
            >
              (1,204 ratings)
            </span>
          </div>
        </div>
        <hr
          class="MuiDivider-root"
        />
        <div
          class="MuiCardActions-root makeStyles-actionIcons-23 MuiCardActions-spacing"
        >
          <svg
            aria-hidden="true"
            class="MuiSvgIcon-root makeStyles-bookmarkBorder-18"
            data-testid="bookmark"
            focusable="false"
            viewBox="0 0 24 24"
          >
            <path
              d="M17 3H7c-1.1 0-1.99.9-1.99 2L5 21l7-3 7 3V5c0-1.1-.9-2-2-2zm0 15l-5-2.18L7 18V5h10v13z"
            />
          </svg>
          <svg
            aria-hidden="true"
            class="MuiSvgIcon-root makeStyles-reply-19"
            focusable="false"
            viewBox="0 0 24 24"
          >
            <path
              d="M10 9V5l-7 7 7 7v-4.1c5 0 8.5 1.6 11 5.1-1-5-4-10-11-11z"
            />
          </svg>
          <svg
            aria-hidden="true"
            class="MuiSvgIcon-root makeStyles-playlist-20"
            data-testid="playlist"
            focusable="false"
            viewBox="0 0 24 24"
          >
            <path
              d="M13 10H3c-.55 0-1 .45-1 1s.45 1 1 1h10c.55 0 1-.45 1-1s-.45-1-1-1zm0-4H3c-.55 0-1 .45-1 1s.45 1 1 1h10c.55 0 1-.45 1-1s-.45-1-1-1zm5 8v-3c0-.55-.45-1-1-1s-1 .45-1 1v3h-3c-.55 0-1 .45-1 1s.45 1 1 1h3v3c0 .55.45 1 1 1s1-.45 1-1v-3h3c.55 0 1-.45 1-1s-.45-1-1-1h-3zM3 16h6c.55 0 1-.45 1-1s-.45-1-1-1H3c-.55 0-1 .45-1 1s.45 1 1 1z"
            />
          </svg>
        </div>
      </div>
      <div
        class="MuiPaper-root MuiCard-root makeStyles-root-8 MuiPaper-elevation1 MuiPaper-rounded"
      >
        <td
          class="MuiTableCell-root makeStyles-cell-22"
        >
          <img
            class="MuiCardMedia-root makeStyles-image-9 MuiCardMedia-media MuiCardMedia-img"
            data-testid="card"
          />
        </td>
        <div
          class="MuiCardContent-root makeStyles-content-21"
        >
          <div
            class="MuiCardActions-root makeStyles-titleActions-16 MuiCardActions-spacing"
          >
            <h6
              class="MuiTypography-root makeStyles-title-10 MuiTypography-h6"
            >
              Basic Physics
            </h6>
          </div>
          <div
            class="MuiCardActions-root makeStyles-actions-15 MuiCardActions-spacing"
          >
            <p
              class="MuiTypography-root makeStyles-author-11 MuiTypography-body2"
            >
              Author
            </p>
            <h6
              class="MuiTypography-root makeStyles-authorName-12 MuiTypography-subtitle2"
            />
          </div>
          <div
            class="MuiCardActions-root makeStyles-actions-15 MuiCardActions-spacing"
          >
            <span
              aria-label="4 Stars"
              class="MuiRating-root MuiRating-sizeSmall MuiRating-readOnly"
              role="img"
            >
              <span>
                <span
                  class="MuiRating-icon MuiRating-iconFilled"
                >
                  <svg
                    aria-hidden="true"
                    class="MuiSvgIcon-root MuiSvgIcon-fontSizeInherit"
                    focusable="false"
                    viewBox="0 0 24 24"
                  >
                    <path
                      d="M12 17.27L18.18 21l-1.64-7.03L22 9.24l-7.19-.61L12 2 9.19 8.63 2 9.24l5.46 4.73L5.82 21z"
                    />
                  </svg>
                </span>
              </span>
              <span>
                <span
                  class="MuiRating-icon MuiRating-iconFilled"
                >
                  <svg
                    aria-hidden="true"
                    class="MuiSvgIcon-root MuiSvgIcon-fontSizeInherit"
                    focusable="false"
                    viewBox="0 0 24 24"
                  >
                    <path
                      d="M12 17.27L18.18 21l-1.64-7.03L22 9.24l-7.19-.61L12 2 9.19 8.63 2 9.24l5.46 4.73L5.82 21z"
                    />
                  </svg>
                </span>
              </span>
              <span>
                <span
                  class="MuiRating-icon MuiRating-iconFilled"
                >
                  <svg
                    aria-hidden="true"
                    class="MuiSvgIcon-root MuiSvgIcon-fontSizeInherit"
                    focusable="false"
                    viewBox="0 0 24 24"
                  >
                    <path
                      d="M12 17.27L18.18 21l-1.64-7.03L22 9.24l-7.19-.61L12 2 9.19 8.63 2 9.24l5.46 4.73L5.82 21z"
                    />
                  </svg>
                </span>
              </span>
              <span>
                <span
                  class="MuiRating-icon MuiRating-iconFilled"
                >
                  <svg
                    aria-hidden="true"
                    class="MuiSvgIcon-root MuiSvgIcon-fontSizeInherit"
                    focusable="false"
                    viewBox="0 0 24 24"
                  >
                    <path
                      d="M12 17.27L18.18 21l-1.64-7.03L22 9.24l-7.19-.61L12 2 9.19 8.63 2 9.24l5.46 4.73L5.82 21z"
                    />
                  </svg>
                </span>
              </span>
              <span>
                <span
                  class="MuiRating-icon MuiRating-iconEmpty"
                >
                  <svg
                    aria-hidden="true"
                    class="MuiSvgIcon-root MuiSvgIcon-fontSizeInherit"
                    focusable="false"
                    viewBox="0 0 24 24"
                  >
                    <path
                      d="M12 17.27L18.18 21l-1.64-7.03L22 9.24l-7.19-.61L12 2 9.19 8.63 2 9.24l5.46 4.73L5.82 21z"
                    />
                  </svg>
                </span>
              </span>
            </span>
            <p
              class="MuiTypography-root makeStyles-star-13 MuiTypography-body1"
            >
              4.0
            </p>
            <span
              class="MuiTypography-root makeStyles-rating-14 MuiTypography-overline"
            >
              (1,204 ratings)
            </span>
          </div>
        </div>
        <hr
          class="MuiDivider-root"
        />
        <div
          class="MuiCardActions-root makeStyles-actionIcons-23 MuiCardActions-spacing"
        >
          <svg
            aria-hidden="true"
            class="MuiSvgIcon-root makeStyles-bookmarkBorder-18"
            data-testid="bookmark"
            focusable="false"
            viewBox="0 0 24 24"
          >
            <path
              d="M17 3H7c-1.1 0-1.99.9-1.99 2L5 21l7-3 7 3V5c0-1.1-.9-2-2-2zm0 15l-5-2.18L7 18V5h10v13z"
            />
          </svg>
          <svg
            aria-hidden="true"
            class="MuiSvgIcon-root makeStyles-reply-19"
            focusable="false"
            viewBox="0 0 24 24"
          >
            <path
              d="M10 9V5l-7 7 7 7v-4.1c5 0 8.5 1.6 11 5.1-1-5-4-10-11-11z"
            />
          </svg>
          <svg
            aria-hidden="true"
            class="MuiSvgIcon-root makeStyles-playlist-20"
            data-testid="playlist"
            focusable="false"
            viewBox="0 0 24 24"
          >
            <path
              d="M13 10H3c-.55 0-1 .45-1 1s.45 1 1 1h10c.55 0 1-.45 1-1s-.45-1-1-1zm0-4H3c-.55 0-1 .45-1 1s.45 1 1 1h10c.55 0 1-.45 1-1s-.45-1-1-1zm5 8v-3c0-.55-.45-1-1-1s-1 .45-1 1v3h-3c-.55 0-1 .45-1 1s.45 1 1 1h3v3c0 .55.45 1 1 1s1-.45 1-1v-3h3c.55 0 1-.45 1-1s-.45-1-1-1h-3zM3 16h6c.55 0 1-.45 1-1s-.45-1-1-1H3c-.55 0-1 .45-1 1s.45 1 1 1z"
            />
          </svg>
        </div>
      </div>
    </div>
  </div>
</div>
`;
