// Jest Snapshot v1, https://goo.gl/fbAQLP

exports[`Searchbar test Should match snapshot 1`] = `
<span
  class="MuiButton-label"
>
  Dropdown2
</span>
`;
