// Jest Snapshot v1, https://goo.gl/fbAQLP

exports[`Home Page Test Match Snapshot 1`] = `[Function]`;
