// Jest Snapshot v1, https://goo.gl/fbAQLP

exports[`Search Bar test should match the snapshot 1`] = `
<input
  aria-invalid="false"
  class="MuiInputBase-input MuiInput-input MuiInputBase-inputTypeSearch MuiInput-inputTypeSearch"
  placeholder=""
  type="search"
  value=""
/>
`;
