// Jest Snapshot v1, https://goo.gl/fbAQLP

exports[`Explore Testing Matches Snapshot 1`] = `
<div>
  <div
    class="makeStyles-root-3"
  >
    <button
      class="MuiButtonBase-root MuiButton-root MuiButton-text makeStyles-button-1 MuiButton-textPrimary"
      data-testid="explore"
      tabindex="0"
      type="button"
    >
      <span
        class="MuiButton-label"
      >
         
        
        <span
          class="MuiButton-endIcon MuiButton-iconSizeMedium"
        >
          <svg
            aria-hidden="true"
            class="MuiSvgIcon-root"
            focusable="false"
            viewBox="0 0 24 24"
          >
            <path
              d="M7 10l5 5 5-5H7z"
            />
          </svg>
        </span>
      </span>
      <span
        class="MuiTouchRipple-root"
      />
    </button>
  </div>
</div>
`;
