// Jest Snapshot v1, https://goo.gl/fbAQLP

exports[`Input Field test should match the snapshot 1`] = `
<input
  aria-invalid="false"
  class="MuiInputBase-input MuiInput-input MuiInputBase-inputTypeSearch MuiInput-inputTypeSearch"
  type="search"
  value="text"
/>
`;
