// Jest Snapshot v1, https://goo.gl/fbAQLP

exports[`Book Detail Testing Matches Snapshot 1`] = `
<div>
  <div
    class="MuiGrid-root makeStyles-grid-22"
  >
    <img
      class="MuiCardMedia-root makeStyles-image-2 MuiCardMedia-media MuiCardMedia-img"
      src="https://cdn.zeplin.io/5f03041d8c8fc11335546618/assets/19709E25-7BBE-4E66-8C4B-E83184539737.png"
    />
    <div
      class="makeStyles-info-30"
    >
      <div
        class="makeStyles-flex-23"
      >
        <h3
          class="MuiTypography-root makeStyles-title-1 MuiTypography-h3"
        >
          Concise Inorganic Chemistry
        </h3>
        <td
          class="MuiTableCell-root makeStyles-border-29 MuiTableCell-alignRight"
        >
          <tr
            class="MuiTableRow-root"
          >
            <div
              class="round"
            />
          </tr>
          <tr
            class="MuiTableRow-root"
          >
            <span
              class="MuiTypography-root makeStyles-pages-26 MuiTypography-overline"
            >
              
               read / 
              200
               pages
            </span>
          </tr>
        </td>
      </div>
      <div
        class="MuiCardActions-root makeStyles-firstActions-21 MuiCardActions-spacing"
      >
        <p
          class="MuiTypography-root makeStyles-by-3 MuiTypography-body2"
        >
          by
        </p>
        <h6
          class="MuiTypography-root makeStyles-authorName-4 MuiTypography-h6"
        >
          J D Lee
        </h6>
      </div>
      <div
        class="MuiCardActions-root makeStyles-actions-20 MuiCardActions-spacing"
      >
        <p
          class="MuiTypography-root makeStyles-field-5 MuiTypography-body2"
        >
          Field:
        </p>
        <h6
          class="MuiTypography-root makeStyles-fieldName-6 MuiTypography-subtitle2"
        >
          Chemistry
        </h6>
      </div>
      <div
        class="MuiCardActions-root makeStyles-actions-20 MuiCardActions-spacing"
      >
        <span
          aria-label="4.5 Stars"
          class="MuiRating-root MuiRating-sizeSmall MuiRating-readOnly"
          role="img"
        >
          <span
            class="MuiRating-decimal"
          >
            <span
              style="width: 0%; overflow: hidden; z-index: 1; position: absolute;"
            >
              <span
                class="MuiRating-icon MuiRating-iconFilled"
              >
                <svg
                  aria-hidden="true"
                  class="MuiSvgIcon-root MuiSvgIcon-fontSizeInherit"
                  focusable="false"
                  viewBox="0 0 24 24"
                >
                  <path
                    d="M12 17.27L18.18 21l-1.64-7.03L22 9.24l-7.19-.61L12 2 9.19 8.63 2 9.24l5.46 4.73L5.82 21z"
                  />
                </svg>
              </span>
            </span>
            <span>
              <span
                class="MuiRating-icon MuiRating-iconFilled"
              >
                <svg
                  aria-hidden="true"
                  class="MuiSvgIcon-root MuiSvgIcon-fontSizeInherit"
                  focusable="false"
                  viewBox="0 0 24 24"
                >
                  <path
                    d="M12 17.27L18.18 21l-1.64-7.03L22 9.24l-7.19-.61L12 2 9.19 8.63 2 9.24l5.46 4.73L5.82 21z"
                  />
                </svg>
              </span>
            </span>
          </span>
          <span
            class="MuiRating-decimal"
          >
            <span
              style="width: 0%; overflow: hidden; z-index: 1; position: absolute;"
            >
              <span
                class="MuiRating-icon MuiRating-iconFilled"
              >
                <svg
                  aria-hidden="true"
                  class="MuiSvgIcon-root MuiSvgIcon-fontSizeInherit"
                  focusable="false"
                  viewBox="0 0 24 24"
                >
                  <path
                    d="M12 17.27L18.18 21l-1.64-7.03L22 9.24l-7.19-.61L12 2 9.19 8.63 2 9.24l5.46 4.73L5.82 21z"
                  />
                </svg>
              </span>
            </span>
            <span>
              <span
                class="MuiRating-icon MuiRating-iconFilled"
              >
                <svg
                  aria-hidden="true"
                  class="MuiSvgIcon-root MuiSvgIcon-fontSizeInherit"
                  focusable="false"
                  viewBox="0 0 24 24"
                >
                  <path
                    d="M12 17.27L18.18 21l-1.64-7.03L22 9.24l-7.19-.61L12 2 9.19 8.63 2 9.24l5.46 4.73L5.82 21z"
                  />
                </svg>
              </span>
            </span>
          </span>
          <span
            class="MuiRating-decimal"
          >
            <span
              style="width: 0%; overflow: hidden; z-index: 1; position: absolute;"
            >
              <span
                class="MuiRating-icon MuiRating-iconFilled"
              >
                <svg
                  aria-hidden="true"
                  class="MuiSvgIcon-root MuiSvgIcon-fontSizeInherit"
                  focusable="false"
                  viewBox="0 0 24 24"
                >
                  <path
                    d="M12 17.27L18.18 21l-1.64-7.03L22 9.24l-7.19-.61L12 2 9.19 8.63 2 9.24l5.46 4.73L5.82 21z"
                  />
                </svg>
              </span>
            </span>
            <span>
              <span
                class="MuiRating-icon MuiRating-iconFilled"
              >
                <svg
                  aria-hidden="true"
                  class="MuiSvgIcon-root MuiSvgIcon-fontSizeInherit"
                  focusable="false"
                  viewBox="0 0 24 24"
                >
                  <path
                    d="M12 17.27L18.18 21l-1.64-7.03L22 9.24l-7.19-.61L12 2 9.19 8.63 2 9.24l5.46 4.73L5.82 21z"
                  />
                </svg>
              </span>
            </span>
          </span>
          <span
            class="MuiRating-decimal"
          >
            <span
              style="width: 0%; overflow: hidden; z-index: 1; position: absolute;"
            >
              <span
                class="MuiRating-icon MuiRating-iconFilled"
              >
                <svg
                  aria-hidden="true"
                  class="MuiSvgIcon-root MuiSvgIcon-fontSizeInherit"
                  focusable="false"
                  viewBox="0 0 24 24"
                >
                  <path
                    d="M12 17.27L18.18 21l-1.64-7.03L22 9.24l-7.19-.61L12 2 9.19 8.63 2 9.24l5.46 4.73L5.82 21z"
                  />
                </svg>
              </span>
            </span>
            <span>
              <span
                class="MuiRating-icon MuiRating-iconFilled"
              >
                <svg
                  aria-hidden="true"
                  class="MuiSvgIcon-root MuiSvgIcon-fontSizeInherit"
                  focusable="false"
                  viewBox="0 0 24 24"
                >
                  <path
                    d="M12 17.27L18.18 21l-1.64-7.03L22 9.24l-7.19-.61L12 2 9.19 8.63 2 9.24l5.46 4.73L5.82 21z"
                  />
                </svg>
              </span>
            </span>
          </span>
          <span
            class="MuiRating-decimal"
          >
            <span
              style="width: 50%; overflow: hidden; z-index: 1; position: absolute;"
            >
              <span
                class="MuiRating-icon MuiRating-iconFilled"
              >
                <svg
                  aria-hidden="true"
                  class="MuiSvgIcon-root MuiSvgIcon-fontSizeInherit"
                  focusable="false"
                  viewBox="0 0 24 24"
                >
                  <path
                    d="M12 17.27L18.18 21l-1.64-7.03L22 9.24l-7.19-.61L12 2 9.19 8.63 2 9.24l5.46 4.73L5.82 21z"
                  />
                </svg>
              </span>
            </span>
            <span>
              <span
                class="MuiRating-icon MuiRating-iconEmpty"
              >
                <svg
                  aria-hidden="true"
                  class="MuiSvgIcon-root MuiSvgIcon-fontSizeInherit"
                  focusable="false"
                  viewBox="0 0 24 24"
                >
                  <path
                    d="M12 17.27L18.18 21l-1.64-7.03L22 9.24l-7.19-.61L12 2 9.19 8.63 2 9.24l5.46 4.73L5.82 21z"
                  />
                </svg>
              </span>
            </span>
          </span>
        </span>
        <p
          class="MuiTypography-root makeStyles-star-9 MuiTypography-body1"
        >
          4.5
        </p>
        <p
          class="MuiTypography-root makeStyles-rating-10 MuiTypography-body2"
        >
          ( 1,204 reviews )
        </p>
      </div>
      <div
        class="MuiCardActions-root makeStyles-actions-20 MuiCardActions-spacing"
      >
        <svg
          aria-hidden="true"
          class="MuiSvgIcon-root makeStyles-release-11"
          focusable="false"
          viewBox="0 0 24 24"
        >
          <path
            d="M23 12l-2.44-2.78.34-3.68-3.61-.82-1.89-3.18L12 3 8.6 1.54 6.71 4.72l-3.61.81.34 3.68L1 12l2.44 2.78-.34 3.69 3.61.82 1.89 3.18L12 21l3.4 1.46 1.89-3.18 3.61-.82-.34-3.68L23 12zm-4.51 2.11l.26 2.79-2.74.62-1.43 2.41L12 18.82l-2.58 1.11-1.43-2.41-2.74-.62.26-2.8L3.66 12l1.85-2.12-.26-2.78 2.74-.61 1.43-2.41L12 5.18l2.58-1.11 1.43 2.41 2.74.62-.26 2.79L20.34 12l-1.85 2.11zM11 15h2v2h-2zm0-8h2v6h-2z"
          />
        </svg>
        <p
          class="MuiTypography-root makeStyles-releaseDate-12 MuiTypography-body2"
        >
          Release Date: 
          12 sep 1998
        </p>
        <svg
          aria-hidden="true"
          class="MuiSvgIcon-root makeStyles-languageIcon-13"
          focusable="false"
          viewBox="0 0 24 24"
        >
          <path
            d="M11.99 2C6.47 2 2 6.48 2 12s4.47 10 9.99 10C17.52 22 22 17.52 22 12S17.52 2 11.99 2zm6.93 6h-2.95c-.32-1.25-.78-2.45-1.38-3.56 1.84.63 3.37 1.91 4.33 3.56zM12 4.04c.83 1.2 1.48 2.53 1.91 3.96h-3.82c.43-1.43 1.08-2.76 1.91-3.96zM4.26 14C4.1 13.36 4 12.69 4 12s.1-1.36.26-2h3.38c-.08.66-.14 1.32-.14 2 0 .68.06 1.34.14 2H4.26zm.82 2h2.95c.32 1.25.78 2.45 1.38 3.56-1.84-.63-3.37-1.9-4.33-3.56zm2.95-8H5.08c.96-1.66 2.49-2.93 4.33-3.56C8.81 5.55 8.35 6.75 8.03 8zM12 19.96c-.83-1.2-1.48-2.53-1.91-3.96h3.82c-.43 1.43-1.08 2.76-1.91 3.96zM14.34 14H9.66c-.09-.66-.16-1.32-.16-2 0-.68.07-1.35.16-2h4.68c.09.65.16 1.32.16 2 0 .68-.07 1.34-.16 2zm.25 5.56c.6-1.11 1.06-2.31 1.38-3.56h2.95c-.96 1.65-2.49 2.93-4.33 3.56zM16.36 14c.08-.66.14-1.32.14-2 0-.68-.06-1.34-.14-2h3.38c.16.64.26 1.31.26 2s-.1 1.36-.26 2h-3.38z"
          />
        </svg>
        <p
          class="MuiTypography-root makeStyles-language-14 MuiTypography-body2"
        >
          English
        </p>
      </div>
      <div
        class="MuiCardActions-root makeStyles-actions-20 MuiCardActions-spacing"
      >
        <svg
          aria-hidden="true"
          class="MuiSvgIcon-root makeStyles-bookmarkBorder-18"
          data-testid="bookmark"
          focusable="false"
          viewBox="0 0 24 24"
        >
          <path
            d="M17 3H7c-1.1 0-1.99.9-1.99 2L5 21l7-3 7 3V5c0-1.1-.9-2-2-2zm0 15l-5-2.18L7 18V5h10v13z"
          />
        </svg>
        <svg
          aria-hidden="true"
          class="MuiSvgIcon-root makeStyles-playlist-16"
          focusable="false"
          viewBox="0 0 24 24"
        >
          <path
            d="M13 10H3c-.55 0-1 .45-1 1s.45 1 1 1h10c.55 0 1-.45 1-1s-.45-1-1-1zm0-4H3c-.55 0-1 .45-1 1s.45 1 1 1h10c.55 0 1-.45 1-1s-.45-1-1-1zm5 8v-3c0-.55-.45-1-1-1s-1 .45-1 1v3h-3c-.55 0-1 .45-1 1s.45 1 1 1h3v3c0 .55.45 1 1 1s1-.45 1-1v-3h3c.55 0 1-.45 1-1s-.45-1-1-1h-3zM3 16h6c.55 0 1-.45 1-1s-.45-1-1-1H3c-.55 0-1 .45-1 1s.45 1 1 1z"
          />
        </svg>
        <svg
          aria-hidden="true"
          class="MuiSvgIcon-root makeStyles-reply-15"
          focusable="false"
          viewBox="0 0 24 24"
        >
          <path
            d="M10 9V5l-7 7 7 7v-4.1c5 0 8.5 1.6 11 5.1-1-5-4-10-11-11z"
          />
        </svg>
        <svg
          aria-hidden="true"
          class="MuiSvgIcon-root makeStyles-list-19"
          focusable="false"
          viewBox="0 0 24 24"
        >
          <path
            d="M4 10.5c-.83 0-1.5.67-1.5 1.5s.67 1.5 1.5 1.5 1.5-.67 1.5-1.5-.67-1.5-1.5-1.5zm0-6c-.83 0-1.5.67-1.5 1.5S3.17 7.5 4 7.5 5.5 6.83 5.5 6 4.83 4.5 4 4.5zm0 12c-.83 0-1.5.68-1.5 1.5s.68 1.5 1.5 1.5 1.5-.68 1.5-1.5-.67-1.5-1.5-1.5zM8 19h12c.55 0 1-.45 1-1s-.45-1-1-1H8c-.55 0-1 .45-1 1s.45 1 1 1zm0-6h12c.55 0 1-.45 1-1s-.45-1-1-1H8c-.55 0-1 .45-1 1s.45 1 1 1zM7 6c0 .55.45 1 1 1h12c.55 0 1-.45 1-1s-.45-1-1-1H8c-.55 0-1 .45-1 1z"
          />
        </svg>
      </div>
      <div
        class="MuiCardActions-root makeStyles-actions-20 MuiCardActions-spacing"
      >
        <div
          class="MuiGrid-root makeStyles-grid-35 MuiGrid-container MuiGrid-direction-xs-column MuiGrid-align-items-xs-center"
        >
          <div
            class="MuiGrid-root MuiGrid-item MuiGrid-grid-xs-12"
          >
            <div
              aria-label="split button"
              class="MuiButtonGroup-root makeStyles-btn-31 MuiButtonGroup-contained"
              role="group"
            >
              <button
                class="MuiButtonBase-root MuiButton-root MuiButton-contained MuiButtonGroup-grouped MuiButtonGroup-groupedHorizontal MuiButtonGroup-groupedContained MuiButtonGroup-groupedContainedHorizontal MuiButtonGroup-groupedContained makeStyles-btn1-32"
                data-testid="btn-click"
                tabindex="0"
                type="button"
              >
                <span
                  class="MuiButton-label"
                >
                  Start Reading
                </span>
                <span
                  class="MuiTouchRipple-root"
                />
              </button>
              <button
                class="MuiButtonBase-root MuiButton-root MuiButton-contained MuiButtonGroup-grouped MuiButtonGroup-groupedHorizontal MuiButtonGroup-groupedContained MuiButtonGroup-groupedContainedHorizontal MuiButtonGroup-groupedContained makeStyles-btn-31 MuiButton-containedSizeSmall MuiButton-sizeSmall"
                data-testid="openDropdown"
                tabindex="0"
                type="button"
              >
                <span
                  class="MuiButton-label"
                >
                  <svg
                    aria-hidden="true"
                    class="MuiSvgIcon-root"
                    focusable="false"
                    viewBox="0 0 24 24"
                  >
                    <path
                      d="M7 10l5 5 5-5z"
                    />
                  </svg>
                </span>
                <span
                  class="MuiTouchRipple-root"
                />
              </button>
            </div>
          </div>
        </div>
      </div>
    </div>
  </div>
  <h4
    class="MuiTypography-root makeStyles-desc-7 MuiTypography-h4"
  >
    Book Description
  </h4>
  <h6
    class="MuiTypography-root makeStyles-descText-8 MuiTypography-h6"
  />
  <h6
    class="MuiTypography-root makeStyles-descText-8 MuiTypography-h6"
  />
  <div
    class="MuiCardActions-root makeStyles-spacing-27 MuiCardActions-spacing"
  >
    <h6
      class="MuiTypography-root makeStyles-descTextEnd-28 MuiTypography-h6"
    />
    <h6
      class="MuiTypography-root makeStyles-text-24 MuiTypography-subtitle2"
      data-testid="seemore"
    >
      See more
    </h6>
    <svg
      aria-hidden="true"
      class="MuiSvgIcon-root makeStyles-icon-25"
      focusable="false"
      viewBox="0 0 24 24"
    >
      <path
        d="M16.59 8.59L12 13.17 7.41 8.59 6 10l6 6 6-6z"
      />
    </svg>
  </div>
</div>
`;
