// Jest Snapshot v1, https://goo.gl/fbAQLP

exports[`Single Detail Page Test Match Snapshot 1`] = `[Function]`;
