// Jest Snapshot v1, https://goo.gl/fbAQLP

exports[`Dropdown test should match snapshot 1`] = `
<div
  aria-haspopup="listbox"
  class="MuiSelect-root MuiSelect-select makeStyles-select-8 MuiSelect-selectMenu MuiInputBase-input MuiInput-input"
  role="button"
  tabindex="0"
>
  value1
</div>
`;
